[ 2026-08-22 01:30:25,501 ] 40 root - INFO - No Mongo URL configured - running in local CSV demo mode.
[ 2026-08-22 01:35:55,111 ] 42 root - INFO - Start data Ingestion
[ 2026-08-22 01:35:55,112 ] 41 root - INFO - MONGO_DB_URL not set - falling back to local CSV at Network_Data/phisingData.csv
[ 2026-08-22 01:35:55,183 ] 79 root - INFO - Performed train test split on the dataframe
[ 2026-08-22 01:35:55,183 ] 81 root - INFO - Exited split_data_as_train_test method of Data_Ingestion class
[ 2026-08-22 01:35:55,184 ] 89 root - INFO - Exporting train and test file path.
[ 2026-08-22 01:35:55,207 ] 98 root - INFO - Exported train and test file path.
[ 2026-08-22 01:35:55,207 ] 45 root - INFO - Data Ingestion completed and artifact: DataIngestionArtifact(trained_file_path='Artifacts/08_22_2026_01_29_59/data_ingestion/ingested/train.csv', test_file_path='Artifacts/08_22_2026_01_29_59/data_ingestion/ingested/test.csv')
[ 2026-08-22 01:35:55,210 ] 55 root - INFO - Initiate the data Validation
[ 2026-08-22 01:35:55,216 ] 32 root - INFO - Required number of columns:2
[ 2026-08-22 01:35:55,216 ] 33 root - INFO - Data frame has columns:31
[ 2026-08-22 01:35:55,216 ] 32 root - INFO - Required number of columns:2
[ 2026-08-22 01:35:55,216 ] 33 root - INFO - Data frame has columns:31
[ 2026-08-22 01:35:55,274 ] 63 root - INFO - Entered initiate_data_transformation method of DataTransformation class
[ 2026-08-22 01:35:55,274 ] 65 root - INFO - Starting data transformation
[ 2026-08-22 01:35:55,280 ] 48 root - INFO - Entered get_data_trnasformer_object method of Trnasformation class
[ 2026-08-22 01:35:55,280 ] 53 root - INFO - Initialise KNNImputer with {'missing_values': nan, 'n_neighbors': 3, 'weights': 'uniform'}
[ 2026-08-22 01:35:55,293 ] 46 root - INFO - Entered the save_object method of MainUtils class
[ 2026-08-22 01:35:55,298 ] 50 root - INFO - Exited the save_object method of MainUtils class
[ 2026-08-22 01:35:55,298 ] 46 root - INFO - Entered the save_object method of MainUtils class
[ 2026-08-22 01:35:55,301 ] 50 root - INFO - Exited the save_object method of MainUtils class
[ 2026-08-22 01:37:36,486 ] 46 root - INFO - Entered the save_object method of MainUtils class
[ 2026-08-22 01:37:36,486 ] 50 root - INFO - Exited the save_object method of MainUtils class
[ 2026-08-22 01:37:36,486 ] 46 root - INFO - Entered the save_object method of MainUtils class
[ 2026-08-22 01:37:36,494 ] 50 root - INFO - Exited the save_object method of MainUtils class
[ 2026-08-22 01:37:36,494 ] 151 root - INFO - Model trainer artifact: ModelTrainerArtifact(trained_model_file_path='Artifacts/08_22_2026_01_29_59/model_trainer/trained_model/model.pkl', train_metric_artifact=ClassificationMetricArtifact(f1_score=0.9907341411261582, precision_score=0.9890221589754015, recall_score=0.992452060383517), test_metric_artifact=ClassificationMetricArtifact(f1_score=0.9782005548949663, precision_score=0.973186119873817, recall_score=0.9832669322709163))
[ 2026-08-22 02:07:51,482 ] 42 root - INFO - Start data Ingestion
[ 2026-08-22 02:07:51,483 ] 41 root - INFO - MONGO_DB_URL not set - falling back to local CSV at Network_Data/phisingData.csv
[ 2026-08-22 02:07:51,539 ] 79 root - INFO - Performed train test split on the dataframe
[ 2026-08-22 02:07:51,539 ] 81 root - INFO - Exited split_data_as_train_test method of Data_Ingestion class
[ 2026-08-22 02:07:51,539 ] 89 root - INFO - Exporting train and test file path.
[ 2026-08-22 02:07:51,566 ] 98 root - INFO - Exported train and test file path.
[ 2026-08-22 02:07:51,566 ] 45 root - INFO - Data Ingestion completed and artifact: DataIngestionArtifact(trained_file_path='Artifacts/08_22_2026_01_29_59/data_ingestion/ingested/train.csv', test_file_path='Artifacts/08_22_2026_01_29_59/data_ingestion/ingested/test.csv')
[ 2026-08-22 02:07:51,568 ] 55 root - INFO - Initiate the data Validation
[ 2026-08-22 02:07:51,575 ] 32 root - INFO - Required number of columns:2
[ 2026-08-22 02:07:51,575 ] 33 root - INFO - Data frame has columns:31
[ 2026-08-22 02:07:51,575 ] 32 root - INFO - Required number of columns:2
[ 2026-08-22 02:07:51,575 ] 33 root - INFO - Data frame has columns:31
[ 2026-08-22 02:07:51,643 ] 63 root - INFO - Entered initiate_data_transformation method of DataTransformation class
[ 2026-08-22 02:07:51,643 ] 65 root - INFO - Starting data transformation
[ 2026-08-22 02:07:51,649 ] 48 root - INFO - Entered get_data_trnasformer_object method of Trnasformation class
[ 2026-08-22 02:07:51,649 ] 53 root - INFO - Initialise KNNImputer with {'missing_values': nan, 'n_neighbors': 3, 'weights': 'uniform'}
[ 2026-08-22 02:07:51,658 ] 46 root - INFO - Entered the save_object method of MainUtils class
[ 2026-08-22 02:07:51,662 ] 50 root - INFO - Exited the save_object method of MainUtils class
[ 2026-08-22 02:07:51,662 ] 46 root - INFO - Entered the save_object method of MainUtils class
[ 2026-08-22 02:07:51,669 ] 50 root - INFO - Exited the save_object method of MainUtils class
[ 2026-08-22 02:09:27,926 ] 46 root - INFO - Entered the save_object method of MainUtils class
[ 2026-08-22 02:09:27,926 ] 50 root - INFO - Exited the save_object method of MainUtils class
[ 2026-08-22 02:09:27,926 ] 46 root - INFO - Entered the save_object method of MainUtils class
[ 2026-08-22 02:09:27,943 ] 50 root - INFO - Exited the save_object method of MainUtils class
[ 2026-08-22 02:09:27,943 ] 151 root - INFO - Model trainer artifact: ModelTrainerArtifact(trained_model_file_path='Artifacts/08_22_2026_01_29_59/model_trainer/trained_model/model.pkl', train_metric_artifact=ClassificationMetricArtifact(f1_score=0.9908833063209076, precision_score=0.9870837537840566, recall_score=0.9947122229001424), test_metric_artifact=ClassificationMetricArtifact(f1_score=0.9713147410358566, precision_score=0.9598425196850394, recall_score=0.9830645161290322))
